[here.nd.edu/our-approach/dashboard/index.html]
[backblue.gif]
[fade.gif]
[index.html]
[here.nd.edu/stylesheets/images/og_image.jpg]
[static.nd.edu/images/monogram/gold/monogram-32.png]
[static.nd.edu/images/monogram/gold/monogram-96.png]
[static.nd.edu/images/webclips/default/webclip-180.png]
[static.nd.edu/images/webclips/default/webclip-512.png]
[here.nd.edu/stylesheets/themes/ndt/v3/ndt.css]
[here.nd.edu/stylesheets/site.1598282844.css]
[www.google-analytics.com/analytics.js]
[tableau.nd.edu/javascripts/api/viz_v1.js]
[static.nd.edu/images/webclips/default/webclip-60.png]
[here.nd.edu/javascripts/themes/ndt/v3/ndt.js]
[here.nd.edu/our-approach/dashboard/index.html]
[here.nd.edu/javascripts/site.1598282844.js]
[here.nd.edu/stylesheets/themes/ndt/v3/images/play-btn.svg]
[here.nd.edu/stylesheets/themes/ndt/v3/images/arrow-up.svg]
[here.nd.edu/stylesheets/themes/ndt/v3/images/chevron-gold.svg]
[here.nd.edu/stylesheets/themes/ndt/v3/images/file-pdf.svg]
[here.nd.edu/stylesheets/themes/ndt/v3/images/file-word.svg]
[here.nd.edu/stylesheets/themes/ndt/v3/images/file-archive.svg]
[here.nd.edu/stylesheets/themes/ndt/v3/images/file-powerpoint.svg]
[here.nd.edu/stylesheets/themes/ndt/v3/images/file-excel.svg]
[here.nd.edu/stylesheets/themes/ndt/v3/images/external-link-blue.svg]
[here.nd.edu/stylesheets/themes/ndt/v3/images/external-link-light.svg]
[static.nd.edu/images/brandbar/dept-nd-white.png]
[static.nd.edu/images/brandbar/dept-nd-white@2x.png]
[here.nd.edu/stylesheets/themes/ndt/v3/images/hdr-campus-1200.jpg]
[here.nd.edu/stylesheets/themes/ndt/v3/images/hdr-campus-1600.jpg]
[here.nd.edu/stylesheets/themes/ndt/v3/images/hdr-cells-800.jpg]
[here.nd.edu/stylesheets/themes/ndt/v3/images/hdr-clover-800.jpg]
[here.nd.edu/stylesheets/themes/ndt/v3/images/hdr-diagonal-800.jpg]
[here.nd.edu/stylesheets/themes/ndt/v3/images/hdr-flow-800.jpg]
[here.nd.edu/stylesheets/themes/ndt/v3/images/hdr-geometric-800.jpg]
[here.nd.edu/stylesheets/themes/ndt/v3/images/hdr-honeycomb-800.jpg]
[here.nd.edu/stylesheets/themes/ndt/v3/images/hdr-linework-800.jpg]
[here.nd.edu/stylesheets/themes/ndt/v3/images/hdr-main-building-800.jpg]
[here.nd.edu/stylesheets/themes/ndt/v3/images/hdr-molecule-800.jpg]
[here.nd.edu/stylesheets/themes/ndt/v3/images/hdr-network-800.jpg]
[here.nd.edu/stylesheets/themes/ndt/v3/images/hdr-plaid-800.jpg]
[here.nd.edu/stylesheets/themes/ndt/v3/images/hdr-circuit-ptn.png]
[here.nd.edu/stylesheets/themes/ndt/v3/images/hdr-cube-ptn.png]
[here.nd.edu/stylesheets/themes/ndt/v3/images/hdr-dome-ptn.png]
[here.nd.edu/stylesheets/themes/ndt/v3/images/hdr-graph-paper-ptn.png]
[here.nd.edu/stylesheets/themes/ndt/v3/images/hdr-starcross-ptn.png]
[here.nd.edu/stylesheets/themes/ndt/v3/images/hdr-textile-ptn.png]
[here.nd.edu/stylesheets/themes/ndt/v3/images/hdr-topography-ptn.png]
[here.nd.edu/stylesheets/themes/ndt/v3/images/hdr-waves-ptn.png]
[here.nd.edu/stylesheets/themes/ndt/v3/images/hdr-faith-1600.jpg]
[here.nd.edu/stylesheets/themes/ndt/v3/images/hdr-global-1600.jpg]
[here.nd.edu/stylesheets/themes/ndt/v3/images/hdr-mosaic-1600.jpg]
[here.nd.edu/stylesheets/themes/ndt/v3/images/hdr-research-1600.jpg]
[here.nd.edu/stylesheets/themes/ndt/v3/images/hdr-students-1600.jpg]
[here.nd.edu/stylesheets/themes/ndt/v3/images/hdr-tech-1600.jpg]
[here.nd.edu/stylesheets/themes/ndt/v3/images/hdr-vinewall-1600.jpg]
[here.nd.edu/stylesheets/themes/ndt/v3/images/hdr-cells-1200.jpg]
[here.nd.edu/stylesheets/themes/ndt/v3/images/hdr-clover-1200.jpg]
[here.nd.edu/stylesheets/themes/ndt/v3/images/hdr-diagonal-1200.jpg]
[here.nd.edu/stylesheets/themes/ndt/v3/images/hdr-flow-1200.jpg]
[here.nd.edu/stylesheets/themes/ndt/v3/images/hdr-geometric-1200.jpg]
[here.nd.edu/stylesheets/themes/ndt/v3/images/hdr-honeycomb-1200.jpg]
[here.nd.edu/stylesheets/themes/ndt/v3/images/hdr-linework-1200.jpg]
[here.nd.edu/stylesheets/themes/ndt/v3/images/hdr-main-building-1200.jpg]
[here.nd.edu/stylesheets/themes/ndt/v3/images/hdr-molecule-1200.jpg]
[here.nd.edu/stylesheets/themes/ndt/v3/images/hdr-network-1200.jpg]
[here.nd.edu/stylesheets/themes/ndt/v3/images/hdr-plaid-1200.jpg]
[here.nd.edu/stylesheets/themes/ndt/v3/images/hdr-cells-1600.jpg]
[here.nd.edu/stylesheets/themes/ndt/v3/images/hdr-clover-1600.jpg]
[here.nd.edu/stylesheets/themes/ndt/v3/images/hdr-diagonal-1600.jpg]
[here.nd.edu/stylesheets/themes/ndt/v3/images/hdr-flow-1600.jpg]
[here.nd.edu/stylesheets/themes/ndt/v3/images/hdr-geometric-1600.jpg]
[here.nd.edu/stylesheets/themes/ndt/v3/images/hdr-honeycomb-1600.jpg]
[here.nd.edu/stylesheets/themes/ndt/v3/images/hdr-linework-1600.jpg]
[here.nd.edu/stylesheets/themes/ndt/v3/images/hdr-main-building-1600.jpg]
[here.nd.edu/stylesheets/themes/ndt/v3/images/hdr-molecule-1600.jpg]
[here.nd.edu/stylesheets/themes/ndt/v3/images/hdr-network-1600.jpg]
[here.nd.edu/stylesheets/themes/ndt/v3/images/hdr-plaid-1600.jpg]
[here.nd.edu/stylesheets/themes/ndt/v3/images/hdr-circuit-ptn@2x.png]
[here.nd.edu/stylesheets/themes/ndt/v3/images/hdr-cube-ptn@2x.png]
[here.nd.edu/stylesheets/themes/ndt/v3/images/hdr-dome-ptn@2x.png]
[here.nd.edu/stylesheets/themes/ndt/v3/images/hdr-graph-paper-ptn@2x.png]
[here.nd.edu/stylesheets/themes/ndt/v3/images/hdr-starcross-ptn@2x.png]
[here.nd.edu/stylesheets/themes/ndt/v3/images/hdr-textile-ptn@2x.png]
[here.nd.edu/stylesheets/themes/ndt/v3/ndt.css]
[here.nd.edu/stylesheets/fonts/factoria_bold-webfont.woff2]
[here.nd.edu/stylesheets/fonts/factoria_bold-webfont.woff]
[here.nd.edu/stylesheets/fonts/factoria_bold-webfont.ttf]
[here.nd.edu/stylesheets/images/external-link-gold.svg]
[here.nd.edu/stylesheets/images/play-icn-gold.svg]
[here.nd.edu/stylesheets/images/here-logo.svg]
[here.nd.edu/stylesheets/images/hdr-here-800.jpg]
[here.nd.edu/stylesheets/images/play-btn.svg]
[here.nd.edu/stylesheets/images/here-ptn.png]
[here.nd.edu/stylesheets/images/map-pin-blue.svg]
[here.nd.edu/stylesheets/images/map-pin-gold.svg]
[here.nd.edu/stylesheets/images/hdr-here-1200.jpg]
[here.nd.edu/stylesheets/images/hdr-here-1600.jpg]
[here.nd.edu/stylesheets/site.1598282844.css]
[here.nd.edu/stylesheets/themes/ndt/v3/images/play-btn.svg]
[here.nd.edu/stylesheets/themes/ndt/v3/images/arrow-up.svg]
[here.nd.edu/stylesheets/themes/ndt/v3/images/chevron-gold.svg]
[here.nd.edu/stylesheets/themes/ndt/v3/images/file-pdf.svg]
[here.nd.edu/stylesheets/themes/ndt/v3/images/file-word.svg]
[here.nd.edu/stylesheets/themes/ndt/v3/images/file-archive.svg]
[here.nd.edu/stylesheets/themes/ndt/v3/images/file-powerpoint.svg]
[here.nd.edu/stylesheets/themes/ndt/v3/images/file-excel.svg]
[here.nd.edu/stylesheets/themes/ndt/v3/images/external-link-blue.svg]
[here.nd.edu/stylesheets/themes/ndt/v3/images/external-link-light.svg]
[here.nd.edu/stylesheets/images/external-link-gold.svg]
[here.nd.edu/stylesheets/images/play-icn-gold.svg]
[here.nd.edu/stylesheets/images/here-logo.svg]
[here.nd.edu/stylesheets/images/play-btn.svg]
[here.nd.edu/stylesheets/images/map-pin-blue.svg]
[here.nd.edu/stylesheets/images/map-pin-gold.svg]
